<html>
<body>
<pre>
<h1>µVision Build Log</h1>
<h2>Tool Versions:</h2>
IDE-Version: µVision V5.30.0.0
Copyright (C) 2020 ARM Ltd and ARM Germany GmbH. All rights reserved.
License Information:  ,  , LIC=65ISZ-JM2X7-QDUKD-8C7WA-HNE0D-LWAKJ
 
Tool Versions:
Toolchain:       MDK-ARM Plus  Version: 5.30.0.0
Toolchain Path:  C:\Keil_v5\ARM\ARMCC\Bin
C Compiler:      Armcc.exe V5.06 update 6 (build 750)
Assembler:       Armasm.exe V5.06 update 6 (build 750)
Linker/Locator:  ArmLink.exe V5.06 update 6 (build 750)
Library Manager: ArmAr.exe V5.06 update 6 (build 750)
Hex Converter:   FromElf.exe V5.06 update 6 (build 750)
CPU DLL:         SARMCM3.DLL V5.30.0.0
Dialog DLL:      DCM.DLL V1.17.3.0
Target DLL:      UL2CM3.DLL V1.163.3.0
Dialog DLL:      TCM.DLL V1.42.0.0
 
<h2>Project:</h2>
C:\Users\jpolo\OneDrive\Documentos\GitHub\FTEX-ROAD_RUNNER\2-SOFTWARE\V_1_2\Template STM\Single Motor RR\SingleDrive_RR\MDK-ARM\SingleDrive_RR.uvprojx
Project File Date:  10/04/2021

<h2>Output:</h2>
*** Using Compiler 'V5.06 update 6 (build 750)', folder: 'C:\Keil_v5\ARM\ARMCC\Bin'
Build target 'SingleDrive_RR'
compiling motorcontrol.c...
compiling mc_parameters.c...
compiling app_freertos.c...
compiling mc_config.c...
../Src/mc_config.c(233): warning:  #68-D: integer conversion resulted in a change of sign
    .hC3                                 =	CORD_C3,
../Src/mc_config.c: 1 warning, 0 errors
compiling stm32g4xx_mc_it.c...
compiling mc_tasks.c...
compiling main.c...
compiling stm32g4xx_it.c...
compiling ui_task.c...
compiling stm32g4xx_hal_msp.c...
linking...
Program Size: Code=38424 RO-data=792 RW-data=2244 ZI-data=5516  
FromELF: creating hex file...
"SingleDrive_RR\SingleDrive_RR.axf" - 0 Error(s), 1 Warning(s).

<h2>Software Packages used:</h2>

Package Vendor: ARM
                http://www.keil.com/pack/ARM.CMSIS.5.8.0.pack
                ARM.CMSIS.5.8.0
                CMSIS (Common Microcontroller Software Interface Standard)
   * Component: CORE Version: 5.5.0

Package Vendor: Keil
                http://www.keil.com/pack/Keil.STM32G4xx_DFP.1.3.0.pack
                Keil.STM32G4xx_DFP.1.3.0
                STMicroelectronics STM32G4 Series Device Support, Drivers and Examples

<h2>Collection of Component include folders:</h2>
  .\RTE\_SingleDrive_RR
  C:\Users\jpolo\AppData\Local\Arm\Packs\ARM\CMSIS\5.8.0\CMSIS\Core\Include
  C:\Users\jpolo\AppData\Local\Arm\Packs\Keil\STM32G4xx_DFP\1.3.0\Drivers\CMSIS\Device\ST\STM32G4xx\Include

<h2>Collection of Component Files used:</h2>

   * Component: ARM::CMSIS:CORE:5.5.0
Build Time Elapsed:  00:00:24
</pre>
</body>
</html>
