<html>
<body>
<pre>
<h1>µVision Build Log</h1>
<h2>Tool Versions:</h2>
IDE-Version: µVision V5.36.0.0
Copyright (C) 2021 ARM Ltd and ARM Germany GmbH. All rights reserved.
License Information:  ,  , LIC=IL29S-5UMIL-6B8VD-RVZ44-WVZY4-PS1SI
 
Tool Versions:
Toolchain:       MDK-ARM Essential  Version: 5.36.0.0
Toolchain Path:  C:\Keil_v5\ARM\ARMCC\Bin
C Compiler:      Armcc.exe V5.06 update 7 (build 960)
Assembler:       Armasm.exe V5.06 update 7 (build 960)
Linker/Locator:  ArmLink.exe V5.06 update 7 (build 960)
Library Manager: ArmAr.exe V5.06 update 7 (build 960)
Hex Converter:   FromElf.exe V5.06 update 7 (build 960)
CPU DLL:         
Dialog DLL:      
Target DLL:      Segger\JL2CM3.dll V2.99.40.0
Dialog DLL:      TCM.DLL V1.53.0.0
 
<h2>Project:</h2>
C:\Users\Andy B\Desktop\nRF5_SDK_17.1.0_ddde560\nRF5_SDK_17.1.0_ddde560\examples\peripheral\Bafang 5.2 750C\pca10056\blank\arm5_no_packs\uart_pca10056.uvprojx
Project File Date:  12/28/2021

<h2>Output:</h2>
*** Using Compiler 'V5.06 update 7 (build 960)', folder: 'C:\Keil_v5\ARM\ARMCC\Bin'
Rebuild target 'nrf52840_xxaa'
compiling nrf_drv_uart.c...
compiling boards.c...
compiling nrfx_atomic.c...
compiling nrfx_prs.c...
compiling main.c...
..\..\..\main.c(156): warning:  #177-D: variable "CmdByteExp"  was declared but never referenced
  	  uint8_t CmdByteExp;      //Tells how many bytes we expect to receive for this cmd
..\..\..\main.c(157): warning:  #177-D: variable "CmdBuffer"  was declared but never referenced
  	  uint8_t CmdBuffer[5];
..\..\..\main.c: 2 warnings, 0 errors
compiling nrfx_uarte.c...
compiling nrfx_uart.c...
compiling app_util_platform.c...
compiling nrf_assert.c...
compiling app_error.c...
compiling app_fifo.c...
compiling app_error_weak.c...
compiling app_error_handler_keil.c...
compiling app_uart_fifo.c...
compiling nrf_atomic.c...
compiling nrf_fprintf_format.c...
compiling nrf_fprintf.c...
compiling nrf_strerror.c...
compiling nrf_ringbuf.c...
assembling arm_startup_nrf52840.s...
compiling nrf_balloc.c...
compiling nrf_memobj.c...
compiling nrf_log_frontend.c...
compiling nrf_log_str_formatter.c...
compiling retarget.c...
compiling system_nrf52.c...
linking...
Program Size: Code=5212 RO-data=616 RW-data=64 ZI-data=8816  
FromELF: creating hex file...
".\_build\nrf52840_xxaa.axf" - 0 Error(s), 2 Warning(s).

<h2>Software Packages used:</h2>

Package Vendor: ARM
                http://www.keil.com/pack/ARM.CMSIS.5.6.0.pack
                ARM.CMSIS.5.6.0
                CMSIS (Cortex Microcontroller Software Interface Standard)
   * Component: CORE Version: 5.3.0

Package Vendor: NordicSemiconductor
                http://developer.nordicsemi.com/nRF5_SDK/pieces/nRF_DeviceFamilyPack/NordicSemiconductor.nRF_DeviceFamilyPack.8.40.3.pack
                NordicSemiconductor.nRF_DeviceFamilyPack.8.40.3
                Nordic Semiconductor nRF ARM devices Device Family Pack with BSD license.
   * Component: Startup Version: 8.40.3

<h2>Collection of Component include folders:</h2>
  .\RTE\_nrf52840_xxaa
  C:\Users\Andy B\AppData\Local\Arm\Packs\ARM\CMSIS\5.6.0\CMSIS\Core\Include
  C:\Users\Andy B\AppData\Local\Arm\Packs\NordicSemiconductor\nRF_DeviceFamilyPack\8.40.3\Device\Include

<h2>Collection of Component Files used:</h2>

   * Component: ARM::CMSIS:CORE:5.3.0

   * Component: NordicSemiconductor::Device:Startup:8.40.3
      Source file:   Device\Source\arm\arm_startup_nrf52840.s
      Include file:  Device\Include\system_nrf.h
      Include file:  Device\Include\system_nrf52840.h
      Source file:   Device\Source\system_nrf52.c
Build Time Elapsed:  00:00:09
</pre>
</body>
</html>
