<html>
<body>
<pre>
<h1>µVision Build Log</h1>
<h2>Tool Versions:</h2>
IDE-Version: µVision V5.30.0.0
Copyright (C) 2020 ARM Ltd and ARM Germany GmbH. All rights reserved.
License Information:  ,  , LIC=CRMW3-AIX4A-VJI6J-UCKJX-28WHE-I9FHM
 
Tool Versions:
Toolchain:       MDK-ARM Professional  Version: 5.30.0.0
Toolchain Path:  C:\Keil_v5\ARM\ARMCC\Bin
C Compiler:      Armcc.exe V5.06 update 6 (build 750)
Assembler:       Armasm.exe V5.06 update 6 (build 750)
Linker/Locator:  ArmLink.exe V5.06 update 6 (build 750)
Library Manager: ArmAr.exe V5.06 update 6 (build 750)
Hex Converter:   FromElf.exe V5.06 update 6 (build 750)
CPU DLL:         
Dialog DLL:      
Target DLL:      ULP2CM3.DLL V2.212.13.0
Dialog DLL:      TCM.DLL V1.42.0.0
 
<h2>Project:</h2>
C:\Users\ELE-COM-5\Desktop\GEEBEE_Integration\MD_MASTER_ECell_canbus\MD_COMM_USBD_pca10056.uvprojx
Project File Date:  10/20/2021

<h2>Output:</h2>
*** Using Compiler 'V5.06 update 6 (build 750)', folder: 'C:\Keil_v5\ARM\ARMCC\Bin'
Build target 'nrf52840_xxaa'
compiling vc_tasks.c...
FTEX_MODULES\vc_tasks.c(18): warning:  #1295-D: Deprecated declaration STMTimeoutCallback - give arg types
  static void STMTimeoutCallback();
FTEX_MODULES\vc_tasks.c(55): warning:  #550-D: variable "wSpeedM2"  was set but never used
  	int32_t wSpeedM2;
FTEX_MODULES\vc_tasks.c(59): warning:  #550-D: variable "wReturn2StandbyCounterM2"  was set but never used
  	uint32_t wReturn2StandbyCounterM2;
FTEX_MODULES\vc_tasks.c(65): warning:  #177-D: variable "pMDrive2"  was declared but never referenced
  	MD_Handle_t * pMDrive2 = &(VControl.pMDComm->pMD[M2]);
FTEX_MODULES\vc_tasks.c(271): warning:  #177-D: function "sendDiagnosticCANmessages"  was declared but never referenced
  static void sendDiagnosticCANmessages(void)
FTEX_MODULES\vc_tasks.c: 5 warnings, 0 errors
compiling main.c...
linking...
Program Size: Code=30492 RO-data=1420 RW-data=1056 ZI-data=27624  
FromELF: creating hex file...
".\_build\nrf52840_xxaa.axf" - 0 Error(s), 5 Warning(s).

<h2>Software Packages used:</h2>

Package Vendor: ARM
                http://www.keil.com/pack/ARM.CMSIS.5.6.0.pack
                ARM.CMSIS.5.6.0
                CMSIS (Cortex Microcontroller Software Interface Standard)
   * Component: CORE Version: 5.3.0

Package Vendor: NordicSemiconductor
                http://developer.nordicsemi.com/nRF5_SDK/pieces/nRF_DeviceFamilyPack/NordicSemiconductor.nRF_DeviceFamilyPack.8.35.0.pack
                NordicSemiconductor.nRF_DeviceFamilyPack.8.35.0
                Nordic Semiconductor nRF ARM devices Device Family Pack with BSD license.
   * Component: Startup Version: 8.35.0

<h2>Collection of Component include folders:</h2>
  .\RTE\_nrf52840_xxaa
  C:\Users\ELE-COM-5\AppData\Local\Arm\Packs\ARM\CMSIS\5.6.0\CMSIS\Core\Include
  C:\Users\ELE-COM-5\AppData\Local\Arm\Packs\NordicSemiconductor\nRF_DeviceFamilyPack\8.35.0\Device\Include

<h2>Collection of Component Files used:</h2>

   * Component: ARM::CMSIS:CORE:5.3.0

   * Component: NordicSemiconductor::Device:Startup:8.35.0
      Source file:   Device\Source\arm\arm_startup_nrf52840.s
      Source file:   Device\Source\system_nrf52840.c
      Include file:  Device\Include\system_nrf52840.h
      Include file:  Device\Include\system_nrf.h
Build Time Elapsed:  00:00:05
</pre>
</body>
</html>
