<html>
<body>
<pre>
<h1>µVision Build Log</h1>
<h2>Tool Versions:</h2>
IDE-Version: µVision V5.30.0.0
Copyright (C) 2020 ARM Ltd and ARM Germany GmbH. All rights reserved.
License Information:  ,  , LIC=65ISZ-JM2X7-QDUKD-8C7WA-HNE0D-LWAKJ
 
Tool Versions:
Toolchain:       MDK-ARM Plus  Version: 5.30.0.0
Toolchain Path:  C:\Keil_v5\ARM\ARMCC\Bin
C Compiler:      Armcc.exe V5.06 update 6 (build 750)
Assembler:       Armasm.exe V5.06 update 6 (build 750)
Linker/Locator:  ArmLink.exe V5.06 update 6 (build 750)
Library Manager: ArmAr.exe V5.06 update 6 (build 750)
Hex Converter:   FromElf.exe V5.06 update 6 (build 750)
CPU DLL:         
Dialog DLL:      
Target DLL:      UL2CM3.DLL V1.163.3.0
Dialog DLL:      TCM.DLL V1.42.0.0
 
<h2>Project:</h2>
C:\Users\jpolo\OneDrive\Escritorio\LOCAL FIRMWARE\MD_MASTER_ECell_RTX5\MD_MASTER.uvprojx
Project File Date:  12/09/2021

<h2>Output:</h2>
*** Using Compiler 'V5.06 update 6 (build 750)', folder: 'C:\Keil_v5\ARM\ARMCC\Bin'
Build target 'nrf52840_xxaa'
compiling vc_interface.c...
compiling canbus_management.c...
compiling storage_management.c...
FTEX_MODULES\storage_management.c(142): warning:  #188-D: enumerated type mixed with another type
  			pHandle->pThrottle->hParam.resp_type = STRG_VParams.th_params[VC_PARAM_ID_THROTTLE_TYPE];
FTEX_MODULES\storage_management.c: 1 warning, 0 errors
compiling display_management.c...
compiling host_comm.c...
compiling vc_config.c...
FTEX_MODULES\vc_config.c(143): warning:  #188-D: enumerated type mixed with another type
  {	0
FTEX_MODULES\vc_config.c: 1 warning, 0 errors
compiling main.c...
compiling vc_tasks.c...
FTEX_MODULES\vc_tasks.c(93): warning:  #177-D: variable "pVControl"  was declared but never referenced
  	VC_Handle_t * pVControl = &VController;
FTEX_MODULES\vc_tasks.c(97): warning:  #177-D: variable "pPedalAssist"  was declared but never referenced
  	PAS_Handle_t * pPedalAssist = VController.pPedalAssist;
FTEX_MODULES\vc_tasks.c(98): warning:  #177-D: variable "pMDrive1"  was declared but never referenced
  	MD_Handle_t * pMDrive1 = VController.pMDComm->pMD[M1];
FTEX_MODULES\vc_tasks.c(99): warning:  #177-D: variable "pMDrive2"  was declared but never referenced
  	MD_Handle_t * pMDrive2 = VController.pMDComm->pMD[M2];
FTEX_MODULES\vc_tasks.c(132): warning:  #177-D: variable "pVControl"  was declared but never referenced
  	VC_Handle_t * pVControl = &VController;
FTEX_MODULES\vc_tasks.c(133): warning:  #177-D: variable "pCANController"  was declared but never referenced
  	MCP25625_Handle_t * pCANController = &CANController;
FTEX_MODULES\vc_tasks.c(171): warning:  #550-D: variable "hTref2"  was set but never used
  	int16_t hTref, hTref1, hTref2;
FTEX_MODULES\vc_tasks.c(172): warning:  #550-D: variable "hTemp1"  was set but never used
  	int16_t hTemp1, hTemp2;
FTEX_MODULES\vc_tasks.c(172): warning:  #550-D: variable "hTemp2"  was set but never used
  	int16_t hTemp1, hTemp2;
FTEX_MODULES\vc_tasks.c(177): warning:  #177-D: variable "pMDrive2"  was declared but never referenced
  	MD_Handle_t * pMDrive2 = VController.pMDComm->pMD[M2];
FTEX_MODULES\vc_tasks.c(402): warning:  #177-D: function "sendVehicleMonitoringCANmsg"  was declared but never referenced
  static void sendVehicleMonitoringCANmsg(MCP25625_Handle_t * pCANHandle, VC_Handle_t * pVCHandle)
FTEX_MODULES\vc_tasks.c(409): warning:  #177-D: function "sendMotorMonitoringCANmsg"  was declared but never referenced
  static void sendMotorMonitoringCANmsg(MCP25625_Handle_t * pCANHandle, VC_Handle_t * pVCHandle, uint8_t motorSelection)
FTEX_MODULES\vc_tasks.c: 12 warnings, 0 errors
compiling lcd_uart.c...
linking...
Program Size: Code=25100 RO-data=1624 RW-data=9952 ZI-data=18300  
FromELF: creating hex file...
".\_build\nrf52840_xxaa.axf" - 0 Error(s), 14 Warning(s).

<h2>Software Packages used:</h2>

Package Vendor: ARM
                http://www.keil.com/pack/ARM.CMSIS.5.6.0.pack
                ARM.CMSIS.5.6.0
                CMSIS (Cortex Microcontroller Software Interface Standard)
   * Component: RTOS2 Version: 2.1.3
   * Component: CORE Version: 5.3.0
   * Component: Keil RTX5 Variant: Source Version: 5.5.1

Package Vendor: NordicSemiconductor
                http://developer.nordicsemi.com/nRF5_SDK/pieces/nRF_DeviceFamilyPack/NordicSemiconductor.nRF_DeviceFamilyPack.8.35.0.pack
                NordicSemiconductor.nRF_DeviceFamilyPack.8.35.0
                Nordic Semiconductor nRF ARM devices Device Family Pack with BSD license.
   * Component: Startup Version: 8.35.0

Package Vendor: Keil
                http://www.keil.com/pack/Keil.ARM_Compiler.1.6.3.pack
                Keil.ARM_Compiler.1.6.3
                Keil ARM Compiler extensions for ARM Compiler 5 and ARM Compiler 6
   * Component: Event Recorder Variant: DAP Version: 1.4.0

<h2>Collection of Component include folders:</h2>
  .\RTE\CMSIS
  .\RTE\Compiler
  .\RTE\_nrf52840_xxaa
  C:\Users\jpolo\AppData\Local\Arm\Packs\ARM\CMSIS\5.6.0\CMSIS\Core\Include
  C:\Users\jpolo\AppData\Local\Arm\Packs\ARM\CMSIS\5.6.0\CMSIS\RTOS2\Include
  C:\Users\jpolo\AppData\Local\Arm\Packs\ARM\CMSIS\5.6.0\CMSIS\RTOS2\RTX\Include
  C:\Users\jpolo\AppData\Local\Arm\Packs\Keil\ARM_Compiler\1.6.3\Include
  C:\Users\jpolo\AppData\Local\Arm\Packs\NordicSemiconductor\nRF_DeviceFamilyPack\8.35.0\Device\Include

<h2>Collection of Component Files used:</h2>

   * Component: ::CMSIS:RTOS2:2.1.3 (API)
      Include file:  CMSIS\RTOS2\Include\cmsis_os2.h

   * Component: ARM::CMSIS:CORE:5.3.0

   * Component: ARM::CMSIS:RTOS2:Keil RTX5:Source:5.5.1
      Include file:  CMSIS\RTOS2\RTX\Include\rtx_os.h
      Source file:   CMSIS\RTOS2\RTX\Template\Mutex.c
      Source file:   CMSIS\RTOS2\RTX\Template\Semaphore.c
      Source file:   CMSIS\RTOS2\RTX\Template\Timer.c
      Source file:   CMSIS\RTOS2\RTX\Config\RTX_Config.c
      Source file:   CMSIS\RTOS2\RTX\Template\svc_user.c
      Source file:   CMSIS\RTOS2\RTX\Template\MemPool.c
      Source file:   CMSIS\RTOS2\RTX\Template\main.c
      Source file:   CMSIS\RTOS2\RTX\Template\Events.c
      Source file:   CMSIS\RTOS2\RTX\Template\MsgQueue.c
      Source file:   CMSIS\RTOS2\RTX\Template\Thread.c
      Source file:   CMSIS\RTOS2\RTX\Source\rtx_kernel.c
      Source file:   CMSIS\RTOS2\RTX\Source\rtx_thread.c
      Source file:   CMSIS\RTOS2\RTX\Source\rtx_delay.c
      Include file:  CMSIS\RTOS2\RTX\Config\RTX_Config.h
      Source file:   CMSIS\RTOS2\RTX\Source\rtx_semaphore.c
      Source file:   CMSIS\RTOS2\RTX\Source\ARM\irq_cm4f.s
      Source file:   CMSIS\RTOS2\RTX\Source\rtx_memory.c
      Source file:   CMSIS\RTOS2\RTX\Source\rtx_timer.c
      Source file:   CMSIS\RTOS2\RTX\Source\rtx_msgqueue.c
      Source file:   CMSIS\RTOS2\RTX\Source\rtx_lib.c
      Source file:   CMSIS\RTOS2\RTX\Source\rtx_evflags.c
      Source file:   CMSIS\RTOS2\RTX\Source\rtx_system.c
      Source file:   CMSIS\RTOS2\RTX\Source\rtx_evr.c
      Source file:   CMSIS\RTOS2\RTX\Source\rtx_mempool.c
      Source file:   CMSIS\RTOS2\RTX\Source\rtx_mutex.c
      Source file:   CMSIS\RTOS2\Source\os_systick.c

   * Component: Keil.ARM Compiler::Compiler:Event Recorder:DAP:1.4.0
      Include file:  Config\EventRecorderConf.h
      Source file:   Source\EventRecorder.c
      Include file:  Include\EventRecorder.h

   * Component: NordicSemiconductor::Device:Startup:8.35.0
      Include file:  Device\Include\system_nrf.h
      Source file:   Device\Source\system_nrf52840.c
      Include file:  Device\Include\system_nrf52840.h
      Source file:   Device\Source\arm\arm_startup_nrf52840.s
Build Time Elapsed:  00:00:08
</pre>
</body>
</html>
