<html>
<body>
<pre>
<h1>µVision Build Log</h1>
<h2>Tool Versions:</h2>
IDE-Version: µVision V5.34.0.0
Copyright (C) 2021 ARM Ltd and ARM Germany GmbH. All rights reserved.
License Information:  ,  , LIC=2TTQ1-CU9E4-SG37K-ZEA4N-ESB4H-S9Y80
 
Tool Versions:
Toolchain:       MDK-ARM Professional  Version: 5.34.0.0
Toolchain Path:  C:\Keil_v5\ARM\ARMCC\Bin
C Compiler:      Armcc.exe V5.06 update 7 (build 960)
Assembler:       Armasm.exe V5.06 update 7 (build 960)
Linker/Locator:  ArmLink.exe V5.06 update 7 (build 960)
Library Manager: ArmAr.exe V5.06 update 7 (build 960)
Hex Converter:   FromElf.exe V5.06 update 7 (build 960)
CPU DLL:         SARMCM3.DLL V5.34.0.0
Dialog DLL:      DCM.DLL V1.17.3.0
Target DLL:      STLink\ST-LINKIII-KEIL_SWO.dll V3.0.8.0
Dialog DLL:      TCM.DLL V1.48.0.0
 
<h2>Project:</h2>
C:\Users\alexa\Documents\GitHub\FTEX-ROAD_RUNNER\2-SOFTWARE\REVC\STM\Single Motor RR_REVC ECell\SingleDrive_RR\MDK-ARM\SingleDrive_RR.uvprojx
Project File Date:  12/10/2021

<h2>Output:</h2>
*** Using Compiler 'V5.06 update 7 (build 960)', folder: 'C:\Keil_v5\ARM\ARMCC\Bin'
Rebuild target 'SingleDrive_RR'
assembling startup_stm32g431xx.s...
compiling mc_math.c...
compiling mc_interface.c...
compiling regular_conversion_manager.c...
compiling motorcontrol.c...
compiling mc_api.c...
compiling motor_control_protocol.c...
compiling mc_config.c...
compiling app_freertos.c...
compiling stm32g4xx_mc_it.c...
compiling main.c...
compiling mc_tasks.c...
compiling stm32g4xx_ll_adc.c...
compiling stm32g4xx_hal.c...
compiling stm32g4xx_hal_timebase_tim.c...
compiling stm32g4xx_hal_adc_ex.c...
compiling stm32g4xx_hal_rcc.c...
compiling stm32g4xx_hal_adc.c...
compiling mc_parameters.c...
compiling dac_ui.c...
compiling ui_task.c...
compiling stm32g4xx_it.c...
compiling user_interface.c...
compiling stm32g4xx_hal_msp.c...
compiling stm32g4xx_hal_flash.c...
compiling stm32g4xx_hal_flash_ramfunc.c...
compiling stm32g4xx_hal_flash_ex.c...
compiling stm32g4xx_hal_gpio.c...
compiling stm32g4xx_hal_rcc_ex.c...
compiling stm32g4xx_hal_exti.c...
compiling stm32g4xx_hal_dma_ex.c...
compiling stm32g4xx_hal_dma.c...
compiling stm32g4xx_hal_pwr.c...
compiling stm32g4xx_hal_dac.c...
compiling stm32g4xx_hal_cortex.c...
compiling stm32g4xx_hal_comp.c...
compiling stm32g4xx_hal_cordic.c...
compiling croutine.c...
compiling stm32g4xx_hal_pwr_ex.c...
compiling list.c...
compiling event_groups.c...
compiling stm32g4xx_hal_dac_ex.c...
compiling timers.c...
compiling stream_buffer.c...
compiling queue.c...
compiling heap_4.c...
compiling port.c...
compiling tasks.c...
compiling cmsis_os.c...
compiling stm32g4xx_hal_tim.c...
compiling stm32g4xx_hal_tim_ex.c...
compiling system_stm32g4xx.c...
compiling stm32g4xx_hal_uart_ex.c...
compiling stm32g4xx_hal_uart.c...
compiling ntc_temperature_sensor.c...
compiling hall_speed_pos_fdbk.c...
compiling bus_voltage_sensor.c...
compiling digital_output.c...
compiling circle_limitation.c...
compiling motor_power_measurement.c...
compiling open_loop.c...
compiling pid_regulator.c...
compiling pqd_motor_power_measurement.c...
compiling pwm_common.c...
compiling pwm_curr_fdbk.c...
compiling speed_pos_fdbk.c...
compiling r_divider_bus_voltage_sensor.c...
compiling ramp_ext_mngr.c...
compiling state_machine.c...
compiling virtual_speed_sensor.c...
compiling speed_torq_ctrl.c...
compiling ics_g4xx_pwm_curr_fdbk.c...
compiling usart_frame_communication_protocol.c...
compiling ui_irq_handler.c...
compiling frame_communication_protocol.c...
compiling dac_common_ui.c...
linking...
Program Size: Code=40792 RO-data=788 RW-data=2148 ZI-data=6124  
FromELF: creating hex file...
"SingleDrive_RR\SingleDrive_RR.axf" - 0 Error(s), 0 Warning(s).

<h2>Software Packages used:</h2>

Package Vendor: ARM
                http://www.keil.com/pack/ARM.CMSIS.5.8.0.pack
                ARM.CMSIS.5.8.0
                CMSIS (Common Microcontroller Software Interface Standard)
   * Component: CORE Version: 5.5.0

Package Vendor: Keil
                http://www.keil.com/pack/Keil.STM32G4xx_DFP.1.2.0.pack
                Keil.STM32G4xx_DFP.1.2.0
                STMicroelectronics STM32G4 Series Device Support, Drivers and Examples

<h2>Collection of Component include folders:</h2>
  .\RTE\_SingleDrive_RR
  C:\Users\alexa\AppData\Local\Arm\Packs\ARM\CMSIS\5.8.0\CMSIS\Core\Include
  C:\Users\alexa\AppData\Local\Arm\Packs\Keil\STM32G4xx_DFP\1.2.0\Drivers\CMSIS\Device\ST\STM32G4xx\Include

<h2>Collection of Component Files used:</h2>

   * Component: ARM::CMSIS:CORE:5.5.0
Build Time Elapsed:  00:04:02
</pre>
</body>
</html>
