<html>
<body>
<pre>
<h1>µVision Build Log</h1>
<h2>Tool Versions:</h2>
IDE-Version: µVision V5.36.0.0
Copyright (C) 2021 ARM Ltd and ARM Germany GmbH. All rights reserved.
License Information:  ,  , LIC=IL29S-5UMIL-6B8VD-RVZ44-WVZY4-PS1SI
 
Tool Versions:
Toolchain:       MDK-ARM Essential  Version: 5.36.0.0
Toolchain Path:  C:\Keil_v5\ARM\ARMCC\Bin
C Compiler:      Armcc.exe V5.06 update 7 (build 960)
Assembler:       Armasm.exe V5.06 update 7 (build 960)
Linker/Locator:  ArmLink.exe V5.06 update 7 (build 960)
Library Manager: ArmAr.exe V5.06 update 7 (build 960)
Hex Converter:   FromElf.exe V5.06 update 7 (build 960)
CPU DLL:         
Dialog DLL:      
Target DLL:      UL2CM3.DLL V1.164.0.0
Dialog DLL:      TCM.DLL V1.53.0.0
 
<h2>Project:</h2>
C:\Users\Andy B\Documents\GitHub\FTEX-ROAD_RUNNER\2-SOFTWARE\REVC\NRF\MD_MASTER_ECell_RTX5_REVC\MD_MASTER.uvprojx
Project File Date:  01/05/2022

<h2>Output:</h2>
*** Using Compiler 'V5.06 update 7 (build 960)', folder: 'C:\Keil_v5\ARM\ARMCC\Bin'
Build target 'nrf52840_xxaa'
compiling nrf_soc.c...
compiling nrf_nvic.c...
compiling nrfx_clock.c...
compiling nrfx_atomic.c...
compiling nrf_drv_clock.c...
compiling nrfx_gpiote.c...
compiling nrfx_uart.c...
compiling nrfx_uarte.c...
compiling main.c...
main.c(55): warning:  #177-D: variable "ThAtt_HOSTComm"  was declared but never referenced
  static const osThreadAttr_t ThAtt_HOSTComm = {
main.c: 1 warning, 0 errors
compiling nrfx_systick.c...
compiling nrfx_power.c...
compiling nrf_drv_uart.c...
compiling nrfx_prs.c...
compiling nrf_drv_power.c...
compiling nrfx_timer.c...
compiling nrfx_saadc.c...
compiling app_util_platform.c...
compiling nrf_queue.c...
compiling nrf_drv_ppi.c...
compiling nrf_fstorage.c...
compiling nrf_nvmc.c...
compiling nrfx_ppi.c...
compiling nrf_drv_spi.c...
compiling nrfx_spim.c...
compiling frame_communication_protocol.c...
compiling nrf_atomic.c...
compiling nrf_sdh.c...
compiling brake.c...
FTEX_MODULES\brake.c(12): warning:  #550-D: variable "m_pBrake"  was set but never used
  static Brake_Handle_t * m_pBrake;
FTEX_MODULES\brake.c: 1 warning, 0 errors
compiling nrf_fstorage_nvmc.c...
compiling board_hardware.c...
compiling canbus_management.c...
compiling mcp25625_comm.c...
compiling regular_conversion_manager.c...
FTEX_MODULES\regular_conversion_manager.c(81): warning:  #550-D: variable "err_code"  was set but never used
  	ret_code_t err_code;
FTEX_MODULES\regular_conversion_manager.c: 1 warning, 0 errors
compiling spi_interface.c...
FTEX_MODULES\spi_interface.c(116): warning:  #550-D: variable "res"  was set but never used
  	ret_code_t res;
FTEX_MODULES\spi_interface.c: 1 warning, 0 errors
compiling vc_state_machine.c...
compiling throttle.c...
compiling torque_distribution.c...
FTEX_MODULES\torque_distribution.c(62): warning:  #188-D: enumerated type mixed with another type
  	pHandle->bMode = !bM1Select && !bM2Select;
FTEX_MODULES\torque_distribution.c: 1 warning, 0 errors
compiling md_interface.c...
compiling iref_control.c...
FTEX_MODULES\iref_control.c(83): warning:  #223-D: function "abs" declared implicitly
  		wAux = hIqref * abs(pHandle->hLowSpeedFluxTorqueRatio);
FTEX_MODULES\iref_control.c: 1 warning, 0 errors
compiling pid_regulator.c...
compiling derate.c...
FTEX_MODULES\derate.c(38): warning:  #177-D: variable "hLevel"  was declared but never referenced
  	uint16_t hLevel;
FTEX_MODULES\derate.c: 1 warning, 0 errors
compiling uart_frame_communication_protocol.c...
compiling md_comm.c...
compiling vc_interface.c...
assembling irq_cm4f.s...
compiling vc_config.c...
FTEX_MODULES\vc_config.c(132): warning:  #188-D: enumerated type mixed with another type
  {	0
FTEX_MODULES\vc_config.c: 1 warning, 0 errors
compiling vc_tasks.c...
FTEX_MODULES\vc_tasks.c(92): warning:  #177-D: variable "pVControl"  was declared but never referenced
  	VC_Handle_t * pVControl = &VController;
FTEX_MODULES\vc_tasks.c(96): warning:  #177-D: variable "pPedalAssist"  was declared but never referenced
  	PAS_Handle_t * pPedalAssist = VController.pPedalAssist;
FTEX_MODULES\vc_tasks.c(97): warning:  #177-D: variable "pMDrive1"  was declared but never referenced
  	MD_Handle_t * pMDrive1 = VController.pMDComm->pMD[M1];
FTEX_MODULES\vc_tasks.c(98): warning:  #177-D: variable "pMDrive2"  was declared but never referenced
  	MD_Handle_t * pMDrive2 = VController.pMDComm->pMD[M2];
FTEX_MODULES\vc_tasks.c(131): warning:  #177-D: variable "pVControl"  was declared but never referenced
  	VC_Handle_t * pVControl = &VController;
FTEX_MODULES\vc_tasks.c(132): warning:  #177-D: variable "pCANController"  was declared but never referenced
  	MCP25625_Handle_t * pCANController = &CANController;
FTEX_MODULES\vc_tasks.c(170): warning:  #550-D: variable "hTref2"  was set but never used
  	int16_t hTref, hTref1, hTref2;
FTEX_MODULES\vc_tasks.c(171): warning:  #550-D: variable "hTemp1"  was set but never used
  	int16_t hTemp1, hTemp2;
FTEX_MODULES\vc_tasks.c(171): warning:  #550-D: variable "hTemp2"  was set but never used
  	int16_t hTemp1, hTemp2;
FTEX_MODULES\vc_tasks.c(176): warning:  #177-D: variable "pMDrive2"  was declared but never referenced
  	MD_Handle_t * pMDrive2 = VController.pMDComm->pMD[M2];
FTEX_MODULES\vc_tasks.c(401): warning:  #177-D: function "sendVehicleMonitoringCANmsg"  was declared but never referenced
  static void sendVehicleMonitoringCANmsg(MCP25625_Handle_t * pCANHandle, VC_Handle_t * pVCHandle)
FTEX_MODULES\vc_tasks.c(408): warning:  #177-D: function "sendMotorMonitoringCANmsg"  was declared but never referenced
  static void sendMotorMonitoringCANmsg(MCP25625_Handle_t * pCANHandle, VC_Handle_t * pVCHandle, uint8_t motorSelection)
FTEX_MODULES\vc_tasks.c: 12 warnings, 0 errors
compiling rtx_delay.c...
compiling rtx_evflags.c...
compiling rtx_evr.c...
compiling rtx_lib.c...
compiling display_management.c...
compiling storage_management.c...
compiling host_comm.c...
FTEX_MODULES\host_comm.c(53): warning:  #177-D: variable "toSet"  was declared but never referenced
  	int32_t toSet;
FTEX_MODULES\host_comm.c(126): warning:  #1-D: last line of file ends without a newline
  }
FTEX_MODULES\host_comm.c: 2 warnings, 0 errors
compiling pedal_assist.c...
compiling rtx_kernel.c...
compiling rtx_memory.c...
compiling rtx_system.c...
compiling rtx_semaphore.c...
compiling rtx_mutex.c...
compiling rtx_mempool.c...
compiling rtx_msgqueue.c...
assembling arm_startup_nrf52840.s...
compiling RTX_Config.c...
compiling os_systick.c...
compiling EventRecorder.c...
compiling rtx_thread.c...
compiling rtx_timer.c...
compiling system_nrf52840.c...
linking...
Program Size: Code=22504 RO-data=1424 RW-data=9824 ZI-data=18076  
FromELF: creating hex file...
".\_build\nrf52840_xxaa.axf" - 0 Error(s), 22 Warning(s).

<h2>Software Packages used:</h2>

Package Vendor: ARM
                http://www.keil.com/pack/ARM.CMSIS.5.6.0.pack
                ARM.CMSIS.5.6.0
                CMSIS (Cortex Microcontroller Software Interface Standard)
   * Component: RTOS2 Version: 2.1.3
   * Component: CORE Version: 5.3.0
   * Component: Keil RTX5 Variant: Source Version: 5.5.1

Package Vendor: NordicSemiconductor
                http://developer.nordicsemi.com/nRF5_SDK/pieces/nRF_DeviceFamilyPack/NordicSemiconductor.nRF_DeviceFamilyPack.8.35.0.pack
                NordicSemiconductor.nRF_DeviceFamilyPack.8.35.0
                Nordic Semiconductor nRF ARM devices Device Family Pack with BSD license.
   * Component: Startup Version: 8.35.0

Package Vendor: Keil
                http://www.keil.com/pack/Keil.ARM_Compiler.1.6.3.pack
                Keil.ARM_Compiler.1.6.3
                Keil ARM Compiler extensions for ARM Compiler 5 and ARM Compiler 6
   * Component: Event Recorder Variant: DAP Version: 1.4.0

<h2>Collection of Component include folders:</h2>
  .\RTE\CMSIS
  .\RTE\Compiler
  .\RTE\_nrf52840_xxaa
  C:\Users\Andy B\AppData\Local\Arm\Packs\ARM\CMSIS\5.6.0\CMSIS\Core\Include
  C:\Users\Andy B\AppData\Local\Arm\Packs\ARM\CMSIS\5.6.0\CMSIS\RTOS2\Include
  C:\Users\Andy B\AppData\Local\Arm\Packs\ARM\CMSIS\5.6.0\CMSIS\RTOS2\RTX\Include
  C:\Users\Andy B\AppData\Local\Arm\Packs\Keil\ARM_Compiler\1.6.3\Include
  C:\Users\Andy B\AppData\Local\Arm\Packs\NordicSemiconductor\nRF_DeviceFamilyPack\8.35.0\Device\Include

<h2>Collection of Component Files used:</h2>

   * Component: ::CMSIS:RTOS2:2.1.3 (API)
      Include file:  CMSIS\RTOS2\Include\cmsis_os2.h

   * Component: ARM::CMSIS:CORE:5.3.0

   * Component: ARM::CMSIS:RTOS2:Keil RTX5:Source:5.5.1
      Source file:   CMSIS\RTOS2\RTX\Template\MsgQueue.c
      Source file:   CMSIS\RTOS2\RTX\Template\Mutex.c
      Source file:   CMSIS\RTOS2\RTX\Template\MemPool.c
      Source file:   CMSIS\RTOS2\RTX\Template\Semaphore.c
      Source file:   CMSIS\RTOS2\RTX\Template\Thread.c
      Source file:   CMSIS\RTOS2\RTX\Template\Events.c
      Source file:   CMSIS\RTOS2\RTX\Template\svc_user.c
      Source file:   CMSIS\RTOS2\RTX\Source\rtx_thread.c
      Source file:   CMSIS\RTOS2\RTX\Source\rtx_evflags.c
      Source file:   CMSIS\RTOS2\RTX\Config\RTX_Config.c
      Source file:   CMSIS\RTOS2\RTX\Source\rtx_kernel.c
      Source file:   CMSIS\RTOS2\RTX\Template\main.c
      Source file:   CMSIS\RTOS2\RTX\Source\rtx_msgqueue.c
      Source file:   CMSIS\RTOS2\RTX\Source\rtx_mempool.c
      Include file:  CMSIS\RTOS2\RTX\Include\rtx_os.h
      Source file:   CMSIS\RTOS2\RTX\Source\rtx_system.c
      Source file:   CMSIS\RTOS2\RTX\Source\rtx_timer.c
      Source file:   CMSIS\RTOS2\RTX\Source\rtx_evr.c
      Source file:   CMSIS\RTOS2\RTX\Template\Timer.c
      Source file:   CMSIS\RTOS2\RTX\Source\rtx_delay.c
      Include file:  CMSIS\RTOS2\RTX\Config\RTX_Config.h
      Source file:   CMSIS\RTOS2\RTX\Source\rtx_mutex.c
      Source file:   CMSIS\RTOS2\RTX\Source\rtx_memory.c
      Source file:   CMSIS\RTOS2\RTX\Source\rtx_lib.c
      Source file:   CMSIS\RTOS2\RTX\Source\rtx_semaphore.c
      Source file:   CMSIS\RTOS2\RTX\Source\ARM\irq_cm4f.s
      Source file:   CMSIS\RTOS2\Source\os_systick.c

   * Component: Keil.ARM Compiler::Compiler:Event Recorder:DAP:1.4.0
      Source file:   Source\EventRecorder.c
      Include file:  Config\EventRecorderConf.h
      Include file:  Include\EventRecorder.h

   * Component: NordicSemiconductor::Device:Startup:8.35.0
      Include file:  Device\Include\system_nrf52840.h
      Source file:   Device\Source\system_nrf52840.c
      Source file:   Device\Source\arm\arm_startup_nrf52840.s
      Include file:  Device\Include\system_nrf.h
Build Time Elapsed:  00:00:29
</pre>
</body>
</html>
