<html>
<body>
<pre>
<h1>µVision Build Log</h1>
<h2>Tool Versions:</h2>
IDE-Version: µVision V5.30.0.0
Copyright (C) 2020 ARM Ltd and ARM Germany GmbH. All rights reserved.
License Information:  ,  , LIC=47GU5-G2EG8-QDMKD-8YIAX-K2DWD-A1LKZ
 
Tool Versions:
Toolchain:       MDK-ARM Plus  Version: 5.30.0.0
Toolchain Path:  C:\Keil_v5\ARM\ARMCC\Bin
C Compiler:      Armcc.exe V5.06 update 6 (build 750)
Assembler:       Armasm.exe V5.06 update 6 (build 750)
Linker/Locator:  ArmLink.exe V5.06 update 6 (build 750)
Library Manager: ArmAr.exe V5.06 update 6 (build 750)
Hex Converter:   FromElf.exe V5.06 update 6 (build 750)
CPU DLL:         SARMCM3.DLL V5.30.0.0
Dialog DLL:      DCM.DLL V1.17.3.0
Target DLL:      ULP2CM3.DLL V2.212.13.0
Dialog DLL:      TCM.DLL V1.42.0.0
 
<h2>Project:</h2>
C:\Users\samib\Desktop\Single Motor RR Geebee_Ronak\SingleDrive_RR\MDK-ARM\SingleDrive_RR.uvprojx
Project File Date:  11/12/2021

<h2>Output:</h2>
*** Using Compiler 'V5.06 update 6 (build 750)', folder: 'C:\Keil_v5\ARM\ARMCC\Bin'
Rebuild target 'SingleDrive_RR'
assembling startup_stm32g431xx.s...
compiling app_freertos.c...
compiling stm32g4xx_mc_it.c...
compiling motorcontrol.c...
compiling mc_math.c...
compiling motor_control_protocol.c...
compiling mc_interface.c...
compiling mc_api.c...
compiling main.c...
../Src/main.c(884): warning:  #177-D: variable "pSuccess"  was declared but never referenced
  	bool *pSuccess = &success;
../Src/main.c: 1 warning, 0 errors
compiling mc_tasks.c...
compiling regular_conversion_manager.c...
compiling mc_config.c...
compiling stm32g4xx_ll_adc.c...
compiling stm32g4xx_hal_rcc.c...
compiling stm32g4xx_hal_timebase_tim.c...
compiling stm32g4xx_hal.c...
compiling stm32g4xx_hal_adc_ex.c...
compiling stm32g4xx_hal_adc.c...
compiling user_interface.c...
compiling ui_task.c...
compiling mc_parameters.c...
compiling stm32g4xx_hal_flash_ramfunc.c...
compiling dac_ui.c...
compiling stm32g4xx_hal_flash.c...
compiling stm32g4xx_it.c...
compiling stm32g4xx_hal_flash_ex.c...
compiling stm32g4xx_hal_rcc_ex.c...
compiling stm32g4xx_hal_gpio.c...
compiling stm32g4xx_hal_exti.c...
compiling stm32g4xx_hal_msp.c...
compiling stm32g4xx_hal_dma.c...
compiling stm32g4xx_hal_dac_ex.c...
compiling stm32g4xx_hal_pwr.c...
compiling stm32g4xx_hal_dma_ex.c...
compiling stm32g4xx_hal_comp.c...
compiling stm32g4xx_hal_cordic.c...
compiling croutine.c...
compiling stm32g4xx_hal_cortex.c...
compiling event_groups.c...
compiling stm32g4xx_hal_dac.c...
compiling list.c...
compiling stm32g4xx_hal_tim_ex.c...
compiling stream_buffer.c...
compiling stm32g4xx_hal_uart.c...
compiling queue.c...
compiling timers.c...
compiling tasks.c...
compiling stm32g4xx_hal_pwr_ex.c...
compiling heap_4.c...
compiling port.c...
compiling cmsis_os.c...
compiling stm32g4xx_hal_tim.c...
compiling stm32g4xx_hal_uart_ex.c...
compiling system_stm32g4xx.c...
compiling virtual_bus_voltage_sensor.c...
compiling sto_cordic_speed_pos_fdbk.c...
compiling circle_limitation.c...
compiling revup_ctrl.c...
compiling feed_forward_ctrl.c...
compiling flux_weakening_ctrl.c...
compiling encoder_speed_pos_fdbk.c...
compiling bus_voltage_sensor.c...
compiling fast_div.c...
compiling digital_output.c...
compiling hall_speed_pos_fdbk.c...
compiling motor_power_measurement.c...
compiling pid_regulator.c...
compiling ntc_temperature_sensor.c...
compiling open_loop.c...
compiling r_divider_bus_voltage_sensor.c...
compiling ramp_ext_mngr.c...
compiling speed_torq_ctrl.c...
compiling pwm_curr_fdbk.c...
compiling pwm_common.c...
compiling pqd_motor_power_measurement.c...
compiling speed_pos_fdbk.c...
compiling state_machine.c...
compiling usart_frame_communication_protocol.c...
compiling virtual_speed_sensor.c...
compiling frame_communication_protocol.c...
compiling ics_g4xx_pwm_curr_fdbk.c...
compiling ui_irq_handler.c...
compiling dac_common_ui.c...
linking...
Program Size: Code=39072 RO-data=820 RW-data=2248 ZI-data=5520  
FromELF: creating hex file...
"SingleDrive_RR\SingleDrive_RR.axf" - 0 Error(s), 1 Warning(s).

<h2>Software Packages used:</h2>

Package Vendor: ARM
                http://www.keil.com/pack/ARM.CMSIS.5.7.0.pack
                ARM.CMSIS.5.7.0
                CMSIS (Cortex Microcontroller Software Interface Standard)
   * Component: CORE Version: 5.4.0

Package Vendor: Keil
                http://www.keil.com/pack/Keil.STM32G4xx_DFP.1.2.0.pack
                Keil.STM32G4xx_DFP.1.2.0
                STMicroelectronics STM32G4 Series Device Support, Drivers and Examples

<h2>Collection of Component include folders:</h2>
  .\RTE\_SingleDrive_RR
  C:\Users\samib\AppData\Local\Arm\Packs\ARM\CMSIS\5.7.0\CMSIS\Core\Include
  C:\Users\samib\AppData\Local\Arm\Packs\Keil\STM32G4xx_DFP\1.2.0\Drivers\CMSIS\Device\ST\STM32G4xx\Include

<h2>Collection of Component Files used:</h2>

   * Component: ARM::CMSIS:CORE:5.4.0
Build Time Elapsed:  00:01:10
</pre>
</body>
</html>
